// Jest Snapshot v1, https://goo.gl/fbAQLP

exports[`Test component Production Companies match snapShot 1`] = `
Object {
  "asFragment": [Function],
  "baseElement": <body>
    <div>
      <ul
        class="list"
      >
        <li
          class="item"
        >
          <img
            alt="logo of Bron Studios"
            class="img"
            src="https://image.tmdb.org/t/p/w500/aTc07YaNHo8WNgkQSnvLmG6w4nW.png"
          />
          <p
            class="itemName"
          >
            Bron Studios
          </p>
        </li>
        <li
          class="item"
        >
          <img
            alt="empty logo"
            class="img"
            src="LogoPlaceholder.png"
          />
          <p
            class="itemName"
          >
            Film Rites
          </p>
        </li>
        <li
          class="item"
        >
          <img
            alt="logo of Creative Wealth Media Finance"
            class="img"
            src="https://image.tmdb.org/t/p/w500/8XHHLy8GGTuHM9JMzYjGqxB6oPa.png"
          />
          <p
            class="itemName"
          >
            Creative Wealth Media Finance
          </p>
        </li>
      </ul>
    </div>
  </body>,
  "container": <div>
    <ul
      class="list"
    >
      <li
        class="item"
      >
        <img
          alt="logo of Bron Studios"
          class="img"
          src="https://image.tmdb.org/t/p/w500/aTc07YaNHo8WNgkQSnvLmG6w4nW.png"
        />
        <p
          class="itemName"
        >
          Bron Studios
        </p>
      </li>
      <li
        class="item"
      >
        <img
          alt="empty logo"
          class="img"
          src="LogoPlaceholder.png"
        />
        <p
          class="itemName"
        >
          Film Rites
        </p>
      </li>
      <li
        class="item"
      >
        <img
          alt="logo of Creative Wealth Media Finance"
          class="img"
          src="https://image.tmdb.org/t/p/w500/8XHHLy8GGTuHM9JMzYjGqxB6oPa.png"
        />
        <p
          class="itemName"
        >
          Creative Wealth Media Finance
        </p>
      </li>
    </ul>
  </div>,
  "debug": [Function],
  "findAllByAltText": [Function],
  "findAllByDisplayValue": [Function],
  "findAllByLabelText": [Function],
  "findAllByPlaceholderText": [Function],
  "findAllByRole": [Function],
  "findAllByTestId": [Function],
  "findAllByText": [Function],
  "findAllByTitle": [Function],
  "findByAltText": [Function],
  "findByDisplayValue": [Function],
  "findByLabelText": [Function],
  "findByPlaceholderText": [Function],
  "findByRole": [Function],
  "findByTestId": [Function],
  "findByText": [Function],
  "findByTitle": [Function],
  "getAllByAltText": [Function],
  "getAllByDisplayValue": [Function],
  "getAllByLabelText": [Function],
  "getAllByPlaceholderText": [Function],
  "getAllByRole": [Function],
  "getAllByTestId": [Function],
  "getAllByText": [Function],
  "getAllByTitle": [Function],
  "getByAltText": [Function],
  "getByDisplayValue": [Function],
  "getByLabelText": [Function],
  "getByPlaceholderText": [Function],
  "getByRole": [Function],
  "getByTestId": [Function],
  "getByText": [Function],
  "getByTitle": [Function],
  "queryAllByAltText": [Function],
  "queryAllByDisplayValue": [Function],
  "queryAllByLabelText": [Function],
  "queryAllByPlaceholderText": [Function],
  "queryAllByRole": [Function],
  "queryAllByTestId": [Function],
  "queryAllByText": [Function],
  "queryAllByTitle": [Function],
  "queryByAltText": [Function],
  "queryByDisplayValue": [Function],
  "queryByLabelText": [Function],
  "queryByPlaceholderText": [Function],
  "queryByRole": [Function],
  "queryByTestId": [Function],
  "queryByText": [Function],
  "queryByTitle": [Function],
  "rerender": [Function],
  "unmount": [Function],
}
`;
